// Jest Snapshot v1, https://goo.gl/fbAQLP

exports[`Pruebas en PrimeraApp Debe mostrar PrimeraApp correctamente 1`] = `
<Fragment>
  <h1>
    Bienvenido
  </h1>
  <p>
    Soy un subtitulo
  </p>
</Fragment>
`;
